// Jest Snapshot v1, https://goo.gl/fbAQLP

exports[`<DefaultLayout /> renders as expected 1`] = `
<div>
  <LanguageSelector
    onChange={[Function]}
  />
  <styled.main>
    <div>
      hello world
    </div>
  </styled.main>
</div>
`;
