// Jest Snapshot v1, https://goo.gl/fbAQLP

exports[`<IndexPage /> renders as expected 1`] = `
<pre>
   
  hello world
   text: hi there :)
</pre>
`;
